GenericClass.java:55: error: (assignability.invalid)
GenericClass.java:56: error: (assignability.invalid)
GenericClass.java:57: error: (assignability.invalid)
GenericClass.java:58: error: (assignability.invalid)
GenericClass.java:59: error: (assignability.invalid)
GenericClass.java:60: error: (assignability.invalid)
GenericClass.java:61: error: (assignability.invalid)
GenericClass.java:62: error: (assignability.invalid)
GenericClass.java:74: error: (assignability.invalid)
GenericClass.java:75: error: (assignability.invalid)
GenericClass.java:81: error: (method.invocation.invalid)
GenericClass.java:82: error: (method.invocation.invalid)
GenericClass.java:102: error: (method.invocation.invalid)
GenericClass.java:108: error: (method.invocation.invalid)
GenericClass.java:109: error: (method.invocation.invalid)
GenericClass.java:110: error: (assignability.invalid)
GenericClass.java:112: error: (method.invocation.invalid)
GenericClass.java:114: error: (assignability.invalid)
GenericClass.java:125: error: (assignment.type.incompatible)
GenericClass.java:126: error: (assignment.type.incompatible)
