ManifestClass.java:14: error: (assignability.invalid)
