MutableClass.java:54: error: (assignability.invalid)
MutableClass.java:55: error: (assignability.invalid)
MutableClass.java:56: error: (assignability.invalid)
MutableClass.java:57: error: (assignability.invalid)
MutableClass.java:58: error: (assignability.invalid)
MutableClass.java:59: error: (assignability.invalid)
MutableClass.java:60: error: (assignability.invalid)
MutableClass.java:61: error: (assignability.invalid)
MutableClass.java:73: error: (assignability.invalid)
MutableClass.java:74: error: (assignability.invalid)
MutableClass.java:80: error: (method.invocation.invalid)
MutableClass.java:81: error: (method.invocation.invalid)
MutableClass.java:101: error: (method.invocation.invalid)
MutableClass.java:107: error: (method.invocation.invalid)
MutableClass.java:108: error: (method.invocation.invalid)
MutableClass.java:109: error: (assignability.invalid)
MutableClass.java:111: error: (method.invocation.invalid)
MutableClass.java:113: error: (assignability.invalid)
